<testsuites id="" name="" tests="3" failures="1" skipped="0" errors="0" time="31.235742">
<testsuite name="emoji-modal-issue.e2e.spec.ts" timestamp="2025-09-22T14:06:26.914Z" hostname="chromium-desktop" tests="3" failures="1" skipped="0" time="49.985" errors="0">
<testcase name="댓글 이모지 모달 UX 테스트 › 현재 이모지 모달 위치 문제 재현" classname="emoji-modal-issue.e2e.spec.ts" time="26.426">
<failure message="emoji-modal-issue.e2e.spec.ts:16:7 현재 이모지 모달 위치 문제 재현" type="FAILURE">
<![CDATA[  [chromium-desktop] › emoji-modal-issue.e2e.spec.ts:16:7 › 댓글 이모지 모달 UX 테스트 › 현재 이모지 모달 위치 문제 재현 ──

    Error: expect(locator).toBeVisible() failed

    Locator:  locator('textarea[placeholder*="댓글"]')
    Expected: visible
    Received: <element(s) not found>
    Timeout:  10000ms

    Call log:
      - Expect "toBeVisible" with timeout 10000ms
      - waiting for locator('textarea[placeholder*="댓글"]')


      29 |     // 댓글 작성 영역 찾기
      30 |     const commentTextarea = page.locator('textarea[placeholder*="댓글"]')
    > 31 |     await expect(commentTextarea).toBeVisible()
         |                                   ^
      32 |
      33 |     // 댓글 작성 영역에 포커스
      34 |     await commentTextarea.focus()
        at /home/dandy02/possible/team_hub/tests/e2e/emoji-modal-issue.e2e.spec.ts:31:35

    attachment #1: screenshot (image/png) ──────────────────────────────────────────────────────────
    ../../test-results/artifacts/emoji-modal-issue.e2e-댓글-이모지-모달-UX-테스트-현재-이모지-모달-위치-문제-재현-chromium-desktop/test-failed-1.png
    ────────────────────────────────────────────────────────────────────────────────────────────────

    attachment #2: video (video/webm) ──────────────────────────────────────────────────────────────
    ../../test-results/artifacts/emoji-modal-issue.e2e-댓글-이모지-모달-UX-테스트-현재-이모지-모달-위치-문제-재현-chromium-desktop/video.webm
    ────────────────────────────────────────────────────────────────────────────────────────────────

    Error Context: ../../test-results/artifacts/emoji-modal-issue.e2e-댓글-이모지-모달-UX-테스트-현재-이모지-모달-위치-문제-재현-chromium-desktop/error-context.md
]]>
</failure>
<system-out>
<![CDATA[게시물이 없어서 메인 페이지에서 테스트 진행

[[ATTACHMENT|artifacts/emoji-modal-issue.e2e-댓글-이모지-모달-UX-테스트-현재-이모지-모달-위치-문제-재현-chromium-desktop/test-failed-1.png]]

[[ATTACHMENT|artifacts/emoji-modal-issue.e2e-댓글-이모지-모달-UX-테스트-현재-이모지-모달-위치-문제-재현-chromium-desktop/video.webm]]

[[ATTACHMENT|artifacts/emoji-modal-issue.e2e-댓글-이모지-모달-UX-테스트-현재-이모지-모달-위치-문제-재현-chromium-desktop/error-context.md]]
]]>
</system-out>
</testcase>
<testcase name="댓글 이모지 모달 UX 테스트 › 다양한 뷰포트에서 이모지 모달 문제 확인" classname="emoji-modal-issue.e2e.spec.ts" time="11.789">
</testcase>
<testcase name="댓글 이모지 모달 UX 테스트 › 접근성 확인 - 키보드 네비게이션" classname="emoji-modal-issue.e2e.spec.ts" time="11.77">
</testcase>
</testsuite>
</testsuites>